src/Makefile.am:690: warning: vsid_LDFLAGS was already defined in condition TRUE, which includes condition HAVE_DEBUG and MACOS_COMPILE ...
configure.ac:3226: ... 'vsid_LDFLAGS' previously defined here
src/Makefile.am:692: warning: vsid_LDFLAGS was already defined in condition TRUE, which includes condition HAVE_DEBUG and !MACOS_COMPILE ...
src/Makefile.am:690: ... 'vsid_LDFLAGS' previously defined here
src/Makefile.am:748: warning: x64_LDFLAGS was already defined in condition TRUE, which includes condition HAVE_DEBUG and MACOS_COMPILE ...
configure.ac:3227: ... 'x64_LDFLAGS' previously defined here
src/Makefile.am:750: warning: x64_LDFLAGS was already defined in condition TRUE, which includes condition HAVE_DEBUG and !MACOS_COMPILE ...
src/Makefile.am:748: ... 'x64_LDFLAGS' previously defined here
src/Makefile.am:928: warning: xscpu64_LDFLAGS was already defined in condition TRUE, which includes condition HAVE_DEBUG and MACOS_COMPILE ...
configure.ac:3229: ... 'xscpu64_LDFLAGS' previously defined here
src/Makefile.am:930: warning: xscpu64_LDFLAGS was already defined in condition TRUE, which includes condition HAVE_DEBUG and !MACOS_COMPILE ...
src/Makefile.am:928: ... 'xscpu64_LDFLAGS' previously defined here
src/Makefile.am:990: warning: x128_LDFLAGS was already defined in condition TRUE, which includes condition HAVE_DEBUG and MACOS_COMPILE ...
configure.ac:3228: ... 'x128_LDFLAGS' previously defined here
src/Makefile.am:992: warning: x128_LDFLAGS was already defined in condition TRUE, which includes condition HAVE_DEBUG and !MACOS_COMPILE ...
src/Makefile.am:990: ... 'x128_LDFLAGS' previously defined here
src/Makefile.am:1046: warning: xvic_LDFLAGS was already defined in condition TRUE, which includes condition HAVE_DEBUG and MACOS_COMPILE ...
configure.ac:3230: ... 'xvic_LDFLAGS' previously defined here
src/Makefile.am:1048: warning: xvic_LDFLAGS was already defined in condition TRUE, which includes condition HAVE_DEBUG and !MACOS_COMPILE ...
src/Makefile.am:1046: ... 'xvic_LDFLAGS' previously defined here
src/Makefile.am:1101: warning: xpet_LDFLAGS was already defined in condition TRUE, which includes condition HAVE_DEBUG and MACOS_COMPILE ...
configure.ac:3231: ... 'xpet_LDFLAGS' previously defined here
src/Makefile.am:1103: warning: xpet_LDFLAGS was already defined in condition TRUE, which includes condition HAVE_DEBUG and !MACOS_COMPILE ...
src/Makefile.am:1101: ... 'xpet_LDFLAGS' previously defined here
src/Makefile.am:1164: warning: xplus4_LDFLAGS was already defined in condition TRUE, which includes condition HAVE_DEBUG and MACOS_COMPILE ...
configure.ac:3232: ... 'xplus4_LDFLAGS' previously defined here
src/Makefile.am:1166: warning: xplus4_LDFLAGS was already defined in condition TRUE, which includes condition HAVE_DEBUG and !MACOS_COMPILE ...
src/Makefile.am:1164: ... 'xplus4_LDFLAGS' previously defined here
src/Makefile.am:1220: warning: xcbm2_LDFLAGS was already defined in condition TRUE, which includes condition HAVE_DEBUG and MACOS_COMPILE ...
configure.ac:3233: ... 'xcbm2_LDFLAGS' previously defined here
src/Makefile.am:1222: warning: xcbm2_LDFLAGS was already defined in condition TRUE, which includes condition HAVE_DEBUG and !MACOS_COMPILE ...
src/Makefile.am:1220: ... 'xcbm2_LDFLAGS' previously defined here
